../Core/Src/lcd.c:30:6:lcd_print_number	24	static
../Core/Src/lcd.c:35:6:lcd_init	8	static
../Core/Src/lcd.c:49:6:lcd_clear	8	static
../Core/Src/lcd.c:54:6:lcd_setCursor	24	static
../Core/Src/lcd.c:59:6:lcd_print	16	static
../Core/Src/lcd.c:63:6:lcd_print_int	24	static
../Core/Src/lcd.c:69:6:lcd_print_line	16	static
../Core/Src/lcd.c:74:6:lcd_print_status	16	static
../Core/Src/lcd.c:80:13:lcd_send_cmd	16	static
../Core/Src/lcd.c:87:13:lcd_send_data	16	static
../Core/Src/lcd.c:94:13:lcd_send_nibble	16	static
